// Jest Snapshot v1, https://goo.gl/fbAQLP

exports[`renders homepage unchanged 1`] = `
<div>
  <div>
    <div
      class="banner"
    >
      <a
        href="/"
      >
        Try two weeks for free!
      </a>
    </div>
  </div>
</div>
`;
